ORIENT=RANDOM
SUBST=:=>FT_WINDOW /=>choice((FT_WINDOW,FT_ROCK_WALL))
NAME=small_room1
###/####
#......#
:......+
#......#
########
END
ORIENT=RANDOM
SUBST=/=>choice((FT_ROCK_WALL,FT_GLASS_WALL))
NAME=small_room2
########
#......#
#../...+
#../...#
########
END
ORIENT=RANDOM
NAME=small_room3
##########
#...#....#
0...+....+
#...#....#
##########
END
ORIENT=RANDOM
SUBST=/=>choice((FT_ROCK_WALL,FT_WINDOW)) ==>choice((FT_ROCK_WALL,FT_WINDOW))
NAME=small_room4
######//##
=...#....#
#...+....+
#####....#
#...+....#
=...#....#
######//##
END
SUBST=:=>FT_WINDOW
ORIENT=RANDOM
NAME=small_room5
####:#####
#........#
#........+
#........#
####:#####
END
SUBST=:=>FT_WINDOW ,=>FT_FLOOR /=>choice((FT_WINDOW,FT_DOOR)) ==>choice((FT_ROCK_WALL,FT_WINDOW))
ORIENT=RANDOM
NAME=star_room1
,,##==##,,
,,:....:,,
,,#....#,,
###....###
#........#
/........+
#........#
###....###
,,#....#,,
,,:....:,,
,,##==##,,
END
SUBST=:=>FT_WINDOW ,=>FT_FLOOR /=>choice((FT_WINDOW,FT_GLASS_WALL))
ORIENT=RANDOM
NAME=chappel_room1
,,##++##,,
,,:....:,,
,,#....#,,
###....###
#........#
/......../
#........#
#........#
##########
END

SUBST=:=>FT_WINDOW ,=>FT_FLOOR /=>choice((FT_WINDOW,FT_ROCK_WALL)) ==>choice((FT_WINDOW,FT_ROCK_WALL))
ORIENT=RANDOM
NAME=hotel_smalll1
#######/###=###/###=##
#....#...#...#...#...#
:....#...#...#...#...#
#....##+###+###+###+##
+,,,,,,,,,,,,,,,,,,,,#
#....##+###+###+###+##
:....#...#...#...#...#
#....#...#...#...#...#
#######=###/###=###/##
END

SUBST=:=>FT_WINDOW ,=>FT_FLOOR /=>choice((FT_WINDOW,FT_ROCK_WALL)) ==>choice((FT_WINDOW,FT_ROCK_WALL))
ORIENT=RANDOM
NAME=hotel_smalll2
#######/###=###/###=######
#....#...#...#...#...#...#
:....#...#...#...#...#...#
#....##+###+###+###+##...#
+,,,,,,,,,,,,,,,,,,,,+...#
#....##+###+###+###+##...#
:....#...#...#...#...#...#
#....#...#...#...#...#...#
#######=###/###=###/######
END

SUBST=:=>FT_WINDOW ,=>FT_FLOOR /=>choice((FT_WINDOW,FT_ROCK_WALL)) ==>choice((FT_WINDOW,FT_ROCK_WALL))
ORIENT=RANDOM
NAME=hotel_smalll3
#######/###=###/###=######
#,,,,#...#...#...#...#...#
:,,,,#...#...#...#...#...#
#,,,,##+###+###+###+##...#
+,,,,,,,,,,,,,,,,,,,,+...#
#######:###:###:###:######
END

SUBST=:=>FT_WINDOW ,=>FT_FLOOR /=>choice((FT_WINDOW,FT_ROCK_WALL)) ==>choice((FT_WINDOW,FT_ROCK_WALL))
ORIENT=RANDOM
NAME=hotel_smalll3_symmetry
#######/###=###/###=#######
#,,,,#...#...#...#...#,,,,#
:,,,,#...#...#...#...#,,,,:
#,,,,##+###+###+###+##,,,,#
+,,,,,,,,,,,,,,,,,,,,,,,,,+
#######:###:###:###:#######
END

SUBST=:=>FT_WINDOW ,=>FT_FLOOR ==>choice((FT_ROCK_WALL,FT_WINDOW))
ORIENT=RANDOM
NAME=chappel_room2
,,##++##,,
,,:....:,,
,,#....#,,
###....###
#........#
####==####
END