ORIENT=RANDOM
SUBST=:=>FT_WINDOW /=>choice((FT_WINDOW,FT_ROCK_WALL))
SUBST=c=>choice((FT_CHAIR,FT_FLOOR))
NAME=small_room1
###/####
#......#
:8.hT..+
#...c..#
########
END

ORIENT=RANDOM
SUBST=:=>FT_WINDOW /=>choice((FT_WINDOW,FT_ROCK_WALL))
NAME=small_room1_1
########
:8.....#
#......+
:8..hT.#
########
END

ORIENT=RANDOM
SUBST=:=>FT_WINDOW /=>choice((FT_WINDOW,FT_ROCK_WALL))
NAME=small_room1_2
########
#......#
#+##...+
#8.#hTh#
########
END

ORIENT=RANDOM
SUBST=:=>FT_WINDOW
SUBST=t=>FT_TREE
SUBST=,=>FT_GRASS
NAME=small_room1_with_trees
########,,,
#h.....:,t,
:......+,,,
#8..hT.:,t,
########,,,
END

ORIENT=RANDOM
SUBST=:=>FT_WINDOW
SUBST=t=>FT_TREE
SUBST=,=>FT_GRASS
SUBST=o=>choice((FT_GRASS,FT_WELL))
NAME=small_room2_with_trees
########ttt
#h.....:,,t
:......+,,,
#8..hT.:,ot
########ttt
END

ORIENT=RANDOM
SUBST=:=>choice((FT_WINDOW,FT_ROCK_WALL))
SUBST=t=>FT_TREE
SUBST=,=>FT_GRASS
SUBST=w=>choice((FT_ROCK_WALL,FT_GRASS))
NAME=small_room1_backyard
wwwww########,
w,F,,#......:,
w,,,,+..hT..+,
w,tt,#8..h..:,
wwwww########,
END

ORIENT=RANDOM
SUBST=:=>FT_WINDOW
SUBST=t=>FT_TREE
SUBST=,=>FT_GRASS
SUBST=o=>FT_WELL
SUBST=w=>choice((FT_ROCK_WALL,FT_GRASS))
NAME=small_room2_backyard
wwwww########,
wt,,,#..TF..:,
wo,,,+..F...+,
wt,,,#8.....:,
wwwww########,
END

ORIENT=RANDOM
SUBST=/=>choice((FT_ROCK_WALL,FT_GLASS_WALL))
NAME=small_room2
########
#......#
#../...+
#8F/...#
########
END

ORIENT=RANDOM
NAME=small_room3
##########
#...#....#
08..+.hT.+
#...#..F.#
##########
END

ORIENT=RANDOM
SUBST=/=>choice((FT_ROCK_WALL,FT_WINDOW)) ==>choice((FT_ROCK_WALL,FT_WINDOW))
NAME=small_room4
######//##
=F..#....#
#...+.F..+
#####....#
#...+.F..#
=F..#....#
######//##
END
SUBST=:=>FT_WINDOW
ORIENT=RANDOM
NAME=small_room5
####:#####
#........#
#.F.F.F..+
#........#
####:#####
END

ORIENT=RANDOM
NAME=small_room6
##########
#.F.#hT..+
0...+....#
0...###+##
#.8.#8..F#
##########
END

ORIENT=RANDOM
NAME=small_room7
##########
#8..#hTh.#
#8..#.h..#
#8..###+##
#8..+....+
##0#######
END

ORIENT=RANDOM
SUBST=:=>FT_WINDOW /=>choice((FT_WINDOW,FT_ROCK_WALL))
NAME=small_room8
########
#8.....#
#..F...+
########
END

ORIENT=RANDOM
SUBST=:=>FT_WINDOW /=>choice((FT_WINDOW,FT_ROCK_WALL))
NAME=small_room9
########
#F.....0
#..F...+
########
END

ORIENT=RANDOM
SUBST=:=>FT_WINDOW /=>choice((FT_WINDOW,FT_ROCK_WALL))
NAME=small_room10
######
#F...0
/..F.+
######
END

ORIENT=RANDOM
SUBST=:=>FT_WINDOW /=>choice((FT_WINDOW,FT_ROCK_WALL))
NAME=small_room11
######
:8...0
#....+
###/##
END

ORIENT=RANDOM
SUBST=:=>FT_WINDOW /=>choice((FT_WINDOW,FT_ROCK_WALL))
SUBST=t=>choice((FT_GRASS,FT_TREE,FT_BUSH))
NAME=small_room_complex_1
#####,,t,,,,,t,,
#8..:,,,,t,,,,t,
#...+,,,,,,#####
#####,,t,,,+..F/
,,,,t,,,,,,#####
END

ORIENT=RANDOM
SUBST=:=>FT_WINDOW /=>choice((FT_WINDOW,FT_ROCK_WALL))
SUBST=t=>choice((FT_GRASS,FT_TREE,FT_BUSH))
NAME=small_room_complex_2
,,#####,,t,,,,####
###..8#,,,,t,,0..#
+,+...#,,,,,,##+##
#######,,t,,,+..F/
,,,,t,,,,,tt,#####
END

ORIENT=RANDOM
SUBST=:=>FT_WINDOW /=>choice((FT_WINDOW,FT_ROCK_WALL))
SUBST=t=>choice((FT_GRASS,FT_TREE,FT_BUSH))
SUBST=T=>FT_TREE
SUBST=b=>FT_BUSH:(160,200,0)
SUBST=c=>FT_ROAD
NAME=small_room_complex_3
#:#,,,,,,,,,,,,,,,
#8#,ccccccc###,,,,
#+#,c,,bb,c+,:,,,,
,c,,c,bTTbc#8#,,,,
,cccc,,bb,c###,,,,
,,##+#,,,,ccc,,,,,
,,#F,#,,,,##+##,,,
,,####,,,,#F,F#,,,
,,,,,,,,,,#####,,,
END

ORIENT=RANDOM
SUBST=:=>choice((FT_WINDOW,FT_ROCK_WALL))
SUBST===>choice((FT_DOOR,FT_ROCK_WALL))
SUBST=/=>choice((FT_DOOR,FT_ROCK_WALL))
NAME=strange_room1
#############
#F..........#
:.####/####.#
#.#8......=.+
:.#########.#
#F..........#
#############
END

ORIENT=RANDOM
SUBST=:=>choice((FT_WINDOW,FT_ROCK_WALL))
SUBST===>choice((FT_DOOR,FT_ROCK_WALL))
SUBST=/=>choice((FT_DOOR,FT_ROCK_WALL))
SUBST=c=>FT_CARPET:(100,100,100),char=chr(32)
SUBST=w=>FT_CARPET:(40,40,160),char=chr(32)
NAME=strange_room2
#############
#.....c.....#
#....cwc....#
#..ccwwwcc..+
#...c>w>c...#
#....cwc....#
#.....c.....#
#############
END

ORIENT=NONE
SUBST=:=>choice((FT_WINDOW,FT_ROCK_WALL))
SUBST===>choice((FT_DOOR,FT_ROCK_WALL))
SUBST=/=>choice((FT_DOOR,FT_ROCK_WALL))
NAME=strange_room3
################
#.....+..F.F...#
#.###:#........#
#.#..>#...F....+
#.#.8.#...F....#
#.###:#........#
#.....#...F.F..#
################
END

SUBST=:=>FT_WINDOW ,=>FT_GRASS ==>choice((FT_ROCK_WALL,FT_DOOR))
SUBST=T=>FT_TREE o=>FT_WELL
SUBST=c=>FT_CARPET
ORIENT=RANDOM
NAME=house_with_garden1
####:#######
#F....+,T,,#
#cFccc#,,,,,
#cFccc#,,,,,
#F....=,To,#
####:#######
END
