ORIENT=RANDOM
SUBST=:=>FT_WINDOW /=>choice((FT_WINDOW,FT_ROCK_WALL))
NAME=small_room1
###/####
#......#
:8.hT..+
#......#
########
END
ORIENT=RANDOM
SUBST=/=>choice((FT_ROCK_WALL,FT_GLASS_WALL))
NAME=small_room2
########
#......#
#../...+
#8F/...#
########
END
ORIENT=RANDOM
NAME=small_room3
##########
#...#....#
08..+.hT.+
#...#..F.#
##########
END
ORIENT=RANDOM
SUBST=/=>choice((FT_ROCK_WALL,FT_WINDOW)) ==>choice((FT_ROCK_WALL,FT_WINDOW))
NAME=small_room4
######//##
=F..#....#
#...+.F..+
#####....#
#...+.F..#
=F..#....#
######//##
END
SUBST=:=>FT_WINDOW
ORIENT=RANDOM
NAME=small_room5
####:#####
#........#
#.F.F.F..+
#........#
####:#####
END
SUBST=:=>FT_WINDOW ,=>FT_FLOOR /=>choice((FT_WINDOW,FT_DOOR)) ==>choice((FT_ROCK_WALL,FT_WINDOW))
ORIENT=RANDOM
NAME=star_room1
,,##==##,,
,,:.88.:,,
,,#....#,,
###....###
#...hh...#
/..hTTh..+
#...hh...#
###....###
,,#....#,,
,,:.88.:,,
,,##==##,,
END
SUBST=:=>FT_WINDOW ,=>FT_FLOOR /=>choice((FT_WINDOW,FT_GLASS_WALL))
ORIENT=RANDOM
NAME=chappel_room1
,,##++##,,
,,:....:,,
,,#....#,,
###....###
#........#
/......../
#..F..F..#
#...FF...#
##########
END

SUBST=:=>FT_WINDOW ,=>FT_FLOOR /=>choice((FT_WINDOW,FT_ROCK_WALL)) ==>choice((FT_WINDOW,FT_ROCK_WALL))
ORIENT=RANDOM
NAME=hotel_smalll1
#######/###=###/###=##
#....#8.F#8.F#8.F#8.F#
:....#...#...#...#...#
#....##+###+###+###+##
+,,,,,,,,,,,,,,,,,,,,#
#....##+###+###+###+##
:....#...#...#...#...#
#....#F.8#F.8#F.8#F.8#
#######=###/###=###/##
END

SUBST=:=>FT_WINDOW ,=>FT_FLOOR /=>choice((FT_WINDOW,FT_ROCK_WALL)) ==>choice((FT_WINDOW,FT_ROCK_WALL))
ORIENT=RANDOM
NAME=hotel_smalll2
#######/###=###/###=######
#....#8.F#8.F#8.F#8.F#...#
:.hh.#...#...#...#...#.Th#
#....##+###+###+###+##...#
+,,,,,,,,,,,,,,,,,,,,+.Th#
#....##+###+###+###+##...#
:.hh.#...#...#...#...#.Th#
#....#8.F#8.F#8.F#8.F#...#
#######=###/###=###/######
END

SUBST=:=>FT_WINDOW ,=>FT_FLOOR /=>choice((FT_WINDOW,FT_ROCK_WALL)) ==>choice((FT_WINDOW,FT_ROCK_WALL))
ORIENT=RANDOM
NAME=hotel_smalll3
#######/###=###/###=######
#,,,,#8..#8..#8..#8..#.h.#
:,,,,#...#...#...#...#.T.#
#,,,,##+###+###+###+##.h.#
+,,,,,,,,,,,,,,,,,,,,+...#
#######:###:###:###:######
END

SUBST=:=>FT_WINDOW ,=>FT_FLOOR /=>choice((FT_WINDOW,FT_ROCK_WALL)) ==>choice((FT_WINDOW,FT_ROCK_WALL))
ORIENT=RANDOM
NAME=hotel_smalll3_symmetry
#######/###=###/###=#######
#,,,,#8..#8..#8..#8..#,,,,#
:,,,,#F..#F..#F..#F..#,,,,:
#,,,,##+###+###+###+##,,,,#
+,,,,,,,,,,,,,,,,,,,,,,,,,+
#######:###:###:###:#######
END

SUBST=:=>FT_WINDOW ,=>FT_FLOOR ==>choice((FT_ROCK_WALL,FT_WINDOW))
ORIENT=RANDOM
NAME=chappel_room2
,,##++##,,
,,:....:,,
,,#....#,,
###....###
#........#
####==####
END